// Bun Snapshot v1, https://goo.gl/fbAQLP

exports[`device s 1`] = `
[
  [SyntaxError: Device d0 not found],
]
`;

exports[`device s 2`] = `
DevEnv {
  "InfiniteLoopLimit": 500,
  "_events": {},
  "_eventsCount": 0,
  "aliases": 
Map {
    "sp" => "r16",
    "ra" => "r17",
    "NaN" => NaN,
    "Average" => 0,
    "Sum" => 1,
    "Minimum" => 2,
    "Maximum" => 3,
  }
,
  "data": {
    "d0": {
      "On": 1,
    },
  },
  "devices": 
Map {
    "fd93a72e-9d22-4159-a55d-ae7ea5dfb792" => {
      "connection": {},
      "logic": {
        "PrefabHash": 123,
      },
      "slots": {},
    },
  }
,
  "devicesAttached": 
Map {
    "d0" => "fd93a72e-9d22-4159-a55d-ae7ea5dfb792",
    "fd93a72e-9d22-4159-a55d-ae7ea5dfb792" => "d0",
  }
,
  "devicesIndex": 
Map {
    123 => "fd93a72e-9d22-4159-a55d-ae7ea5dfb792",
  }
,
  "errorCounter": 0,
  "errors": [],
  "isTest": false,
  "line": 1,
  "lines": [
    Line {
      "args": [
        "d0",
        "On",
        1,
      ],
      "comment": "",
      "fn": "s",
      "isGoTo": false,
      "line": "s d0 On 1",
      "lineIndex": 0,
      "runCounter": 1,
      "scope": InterpreterIc10 {
        "code": "s d0 On 1",
        "env": [Circular],
        "stopRun": false,
      },
      "tokens": {
        "args": [
          {
            "end": 4,
            "length": 2,
            "start": 2,
            "value": "d0",
          },
          {
            "end": 7,
            "length": 2,
            "start": 5,
            "value": "On",
          },
          {
            "end": 9,
            "length": 1,
            "start": 8,
            "value": "1",
          },
        ],
        "comment": {
          "end": 0,
          "length": 0,
          "start": 0,
          "value": "",
        },
        "fn": {
          "end": 1,
          "length": 1,
          "start": 0,
          "value": "s",
        },
      },
    },
  ],
  "stack": [
    undefined,
    undefined,
    undefined,
    undefined,
    undefined,
    undefined,
    undefined,
    undefined,
    undefined,
    undefined,
    undefined,
    undefined,
    undefined,
    undefined,
    undefined,
    undefined,
    undefined,
    undefined,
    undefined,
    undefined,
    undefined,
    undefined,
    undefined,
    undefined,
    undefined,
    undefined,
    undefined,
    undefined,
    undefined,
    undefined,
    undefined,
    undefined,
    undefined,
    undefined,
    undefined,
    undefined,
    undefined,
    undefined,
    undefined,
    undefined,
    undefined,
    undefined,
    undefined,
    undefined,
    undefined,
    undefined,
    undefined,
    undefined,
    undefined,
    undefined,
    undefined,
    undefined,
    undefined,
    undefined,
    undefined,
    undefined,
    undefined,
    undefined,
    undefined,
    undefined,
    undefined,
    undefined,
    undefined,
    undefined,
    undefined,
    undefined,
    undefined,
    undefined,
    undefined,
    undefined,
    undefined,
    undefined,
    undefined,
    undefined,
    undefined,
    undefined,
    undefined,
    undefined,
    undefined,
    undefined,
    undefined,
    undefined,
    undefined,
    undefined,
    undefined,
    undefined,
    undefined,
    undefined,
    undefined,
    undefined,
    undefined,
    undefined,
    undefined,
    undefined,
    undefined,
    undefined,
    undefined,
    undefined,
    undefined,
    undefined,
    undefined,
    undefined,
    undefined,
    undefined,
    undefined,
    undefined,
    undefined,
    undefined,
    undefined,
    undefined,
    undefined,
    undefined,
    undefined,
    undefined,
    undefined,
    undefined,
    undefined,
    undefined,
    undefined,
    undefined,
    undefined,
    undefined,
    undefined,
    undefined,
    undefined,
    undefined,
    undefined,
    undefined,
    undefined,
    undefined,
    undefined,
    undefined,
    undefined,
    undefined,
    undefined,
    undefined,
    undefined,
    undefined,
    undefined,
    undefined,
    undefined,
    undefined,
    undefined,
    undefined,
    undefined,
    undefined,
    undefined,
    undefined,
    undefined,
    undefined,
    undefined,
    undefined,
    undefined,
    undefined,
    undefined,
    undefined,
    undefined,
    undefined,
    undefined,
    undefined,
    undefined,
    undefined,
    undefined,
    undefined,
    undefined,
    undefined,
    undefined,
    undefined,
    undefined,
    undefined,
    undefined,
    undefined,
    undefined,
    undefined,
    undefined,
    undefined,
    undefined,
    undefined,
    undefined,
    undefined,
    undefined,
    undefined,
    undefined,
    undefined,
    undefined,
    undefined,
    undefined,
    undefined,
    undefined,
    undefined,
    undefined,
    undefined,
    undefined,
    undefined,
    undefined,
    undefined,
    undefined,
    undefined,
    undefined,
    undefined,
    undefined,
    undefined,
    undefined,
    undefined,
    undefined,
    undefined,
    undefined,
    undefined,
    undefined,
    undefined,
    undefined,
    undefined,
    undefined,
    undefined,
    undefined,
    undefined,
    undefined,
    undefined,
    undefined,
    undefined,
    undefined,
    undefined,
    undefined,
    undefined,
    undefined,
    undefined,
    undefined,
    undefined,
    undefined,
    undefined,
    undefined,
    undefined,
    undefined,
    undefined,
    undefined,
    undefined,
    undefined,
    undefined,
    undefined,
    undefined,
    undefined,
    undefined,
    undefined,
    undefined,
    undefined,
    undefined,
    undefined,
    undefined,
    undefined,
    undefined,
    undefined,
    undefined,
    undefined,
    undefined,
    undefined,
    undefined,
    undefined,
    undefined,
    undefined,
    undefined,
    undefined,
    undefined,
    undefined,
    undefined,
    undefined,
    undefined,
    undefined,
    undefined,
    undefined,
    undefined,
    undefined,
    undefined,
    undefined,
    undefined,
    undefined,
    undefined,
    undefined,
    undefined,
    undefined,
    undefined,
    undefined,
    undefined,
    undefined,
    undefined,
    undefined,
    undefined,
    undefined,
    undefined,
    undefined,
    undefined,
    undefined,
    undefined,
    undefined,
    undefined,
    undefined,
    undefined,
    undefined,
    undefined,
    undefined,
    undefined,
    undefined,
    undefined,
    undefined,
    undefined,
    undefined,
    undefined,
    undefined,
    undefined,
    undefined,
    undefined,
    undefined,
    undefined,
    undefined,
    undefined,
    undefined,
    undefined,
    undefined,
    undefined,
    undefined,
    undefined,
    undefined,
    undefined,
    undefined,
    undefined,
    undefined,
    undefined,
    undefined,
    undefined,
    undefined,
    undefined,
    undefined,
    undefined,
    undefined,
    undefined,
    undefined,
    undefined,
    undefined,
    undefined,
    undefined,
    undefined,
    undefined,
    undefined,
    undefined,
    undefined,
    undefined,
    undefined,
    undefined,
    undefined,
    undefined,
    undefined,
    undefined,
    undefined,
    undefined,
    undefined,
    undefined,
    undefined,
    undefined,
    undefined,
    undefined,
    undefined,
    undefined,
    undefined,
    undefined,
    undefined,
    undefined,
    undefined,
    undefined,
    undefined,
    undefined,
    undefined,
    undefined,
    undefined,
    undefined,
    undefined,
    undefined,
    undefined,
    undefined,
    undefined,
    undefined,
    undefined,
    undefined,
    undefined,
    undefined,
    undefined,
    undefined,
    undefined,
    undefined,
    undefined,
    undefined,
    undefined,
    undefined,
    undefined,
    undefined,
    undefined,
    undefined,
    undefined,
    undefined,
    undefined,
    undefined,
    undefined,
    undefined,
    undefined,
    undefined,
    undefined,
    undefined,
    undefined,
    undefined,
    undefined,
    undefined,
    undefined,
    undefined,
    undefined,
    undefined,
    undefined,
    undefined,
    undefined,
    undefined,
    undefined,
    undefined,
    undefined,
    undefined,
    undefined,
    undefined,
    undefined,
    undefined,
    undefined,
    undefined,
    undefined,
    undefined,
    undefined,
    undefined,
    undefined,
    undefined,
    undefined,
    undefined,
    undefined,
    undefined,
    undefined,
    undefined,
    undefined,
    undefined,
    undefined,
    undefined,
    undefined,
    undefined,
    undefined,
    undefined,
    undefined,
    undefined,
    undefined,
    undefined,
    undefined,
    undefined,
    undefined,
    undefined,
    undefined,
    undefined,
    undefined,
    undefined,
    undefined,
    undefined,
    undefined,
    undefined,
    undefined,
    undefined,
    undefined,
    undefined,
    undefined,
    undefined,
    undefined,
    undefined,
    undefined,
    undefined,
    undefined,
    undefined,
    undefined,
    undefined,
    undefined,
    undefined,
    undefined,
    undefined,
    undefined,
    undefined,
    undefined,
    undefined,
    undefined,
    undefined,
    undefined,
    undefined,
    undefined,
    undefined,
    undefined,
    undefined,
    undefined,
    undefined,
    undefined,
    undefined,
    undefined,
    undefined,
    undefined,
    undefined,
    undefined,
    undefined,
    undefined,
    undefined,
    undefined,
    undefined,
    undefined,
    undefined,
    undefined,
    undefined,
    undefined,
  ],
}
`;
